2025-04-07 13:01:55 - Error: Could not extract channel ID from https://www.youtube.com/@phpislife
2025-04-21 02:30:11 - Error: Could not extract channel ID from https://www.youtube.com/@phpislife
2025-06-09 02:48:34 - Error: Could not extract channel ID from https://www.youtube.com/@milwad
2026-07-13 04:24:45 - Error: https://www.googleapis.com/youtube/v3/channels?part=statistics&id=UCpOIUW62tnJTtpWFABxWZ8g&key=AIzaSyBirL9XMWHNxuVUUGPBdSqu9UxqcY06dVo - failed after 2 attempts.
2026-07-13 04:24:56 - Error: https://www.googleapis.com/youtube/v3/channels?part=statistics&id=UC9IKtxn9AIGelnYmwYr0Lxw&key=AIzaSyBirL9XMWHNxuVUUGPBdSqu9UxqcY06dVo - failed after 2 attempts.
2026-07-13 04:25:13 - Error: https://www.googleapis.com/youtube/v3/channels?part=statistics&id=UCzuaB4F2znrMggxcwUuVhAw&key=AIzaSyBirL9XMWHNxuVUUGPBdSqu9UxqcY06dVo - failed after 2 attempts.
2026-07-13 04:25:36 - Error: https://www.googleapis.com/youtube/v3/channels?part=statistics&id=UCkzGZ6ECGCBh0WK9bVUprtw&key=AIzaSyBirL9XMWHNxuVUUGPBdSqu9UxqcY06dVo - failed after 2 attempts.
2026-07-13 04:25:52 - Error: https://www.googleapis.com/youtube/v3/channels?part=statistics&id=UC5ClMRHFl8o_MAaO4w7ZYug&key=AIzaSyBirL9XMWHNxuVUUGPBdSqu9UxqcY06dVo - failed after 2 attempts.
2026-07-13 04:26:03 - Error: https://www.googleapis.com/youtube/v3/channels?part=statistics&id=UCbixkBITOOa2XNviJLxMh2w&key=AIzaSyBirL9XMWHNxuVUUGPBdSqu9UxqcY06dVo - failed after 2 attempts.
2026-07-13 04:26:14 - Error: https://www.googleapis.com/youtube/v3/channels?part=statistics&id=UC6ZL0QLBNKBAOx6vjQXTIJA&key=AIzaSyBirL9XMWHNxuVUUGPBdSqu9UxqcY06dVo - failed after 2 attempts.
2026-07-13 04:26:25 - Error: https://www.googleapis.com/youtube/v3/channels?part=statistics&id=UCS71mal_TkTW_PpZR9YLpIA&key=AIzaSyBirL9XMWHNxuVUUGPBdSqu9UxqcY06dVo - failed after 2 attempts.
2026-07-13 04:26:35 - Error: https://www.googleapis.com/youtube/v3/channels?part=statistics&id=UCc07-IBVwRlOsMg2WMdd8Sg&key=AIzaSyBirL9XMWHNxuVUUGPBdSqu9UxqcY06dVo - failed after 2 attempts.
2026-07-13 04:26:46 - Error: https://www.googleapis.com/youtube/v3/channels?part=statistics&id=UCy1H38XrN7hi7wHSClfXPqQ&key=AIzaSyBirL9XMWHNxuVUUGPBdSqu9UxqcY06dVo - failed after 2 attempts.
2026-07-13 04:27:03 - Error: https://www.googleapis.com/youtube/v3/channels?part=statistics&id=UCtz8hxpbicBe8REEdEtAYWA&key=AIzaSyBirL9XMWHNxuVUUGPBdSqu9UxqcY06dVo - failed after 2 attempts.
2026-07-13 04:27:15 - Error: https://www.googleapis.com/youtube/v3/channels?part=statistics&id=UC36hi0WMeiR8HpUy-A2s4vQ&key=AIzaSyBirL9XMWHNxuVUUGPBdSqu9UxqcY06dVo - failed after 2 attempts.
2026-07-13 04:27:25 - Error: https://www.googleapis.com/youtube/v3/channels?part=statistics&id=UCXUWGUoYNwtRxaRPoB4KocA&key=AIzaSyBirL9XMWHNxuVUUGPBdSqu9UxqcY06dVo - failed after 2 attempts.
2026-07-13 04:27:37 - Error: https://www.googleapis.com/youtube/v3/channels?part=statistics&id=UCRlsJWh1XwmNGxZPFgJ0Zlw&key=AIzaSyBirL9XMWHNxuVUUGPBdSqu9UxqcY06dVo - failed after 2 attempts.
2026-07-13 04:27:48 - Error: https://www.googleapis.com/youtube/v3/channels?part=statistics&id=UC4gijXR8cM4gmEt9Olse-TQ&key=AIzaSyBirL9XMWHNxuVUUGPBdSqu9UxqcY06dVo - failed after 2 attempts.
2026-07-13 04:27:59 - Error: https://www.googleapis.com/youtube/v3/channels?part=statistics&id=UCA2dkCp5DZj7HE0-6IX5ZHQ&key=AIzaSyBirL9XMWHNxuVUUGPBdSqu9UxqcY06dVo - failed after 2 attempts.
2026-07-13 04:28:10 - Error: https://www.googleapis.com/youtube/v3/channels?part=statistics&id=UCO_hYZF2gb_CyG5sA7ArlGg&key=AIzaSyBirL9XMWHNxuVUUGPBdSqu9UxqcY06dVo - failed after 2 attempts.
2026-07-13 04:28:21 - Error: https://www.googleapis.com/youtube/v3/channels?part=statistics&id=UChrO4N8wWVCnKDdjlBT5ZmQ&key=AIzaSyBirL9XMWHNxuVUUGPBdSqu9UxqcY06dVo - failed after 2 attempts.
2026-07-13 04:28:32 - Error: https://www.googleapis.com/youtube/v3/channels?part=statistics&id=UCwjJfVJEl6JQZjUDUrYOvOA&key=AIzaSyBirL9XMWHNxuVUUGPBdSqu9UxqcY06dVo - failed after 2 attempts.
2026-07-13 04:28:43 - Error: https://www.googleapis.com/youtube/v3/channels?part=statistics&id=UCUInlDpWqdFaYsS1D09B1mA&key=AIzaSyBirL9XMWHNxuVUUGPBdSqu9UxqcY06dVo - failed after 2 attempts.
2026-07-13 04:29:00 - Error: https://www.googleapis.com/youtube/v3/channels?part=statistics&id=UC3R7Vpwsd5LKHmxocA8R8pg&key=AIzaSyBirL9XMWHNxuVUUGPBdSqu9UxqcY06dVo - failed after 2 attempts.
2026-07-13 04:29:10 - Error: https://www.googleapis.com/youtube/v3/channels?part=statistics&id=UCDQTzZ871T7uJpx9yeMPhAw&key=AIzaSyBirL9XMWHNxuVUUGPBdSqu9UxqcY06dVo - failed after 2 attempts.
2026-07-13 04:29:41 - Error: https://www.googleapis.com/youtube/v3/channels?part=statistics&id=UC_TXbxNKS3aU-_EwFcgCYjA&key=AIzaSyBirL9XMWHNxuVUUGPBdSqu9UxqcY06dVo - failed after 2 attempts.
2026-07-13 04:29:57 - Error: https://www.googleapis.com/youtube/v3/channels?part=statistics&id=UCBnj7HfncAygGeyymgydZxQ&key=AIzaSyBirL9XMWHNxuVUUGPBdSqu9UxqcY06dVo - failed after 2 attempts.
2026-07-13 04:30:07 - Error: https://www.googleapis.com/youtube/v3/channels?part=statistics&id=UCNlUCA4VORBx8X-h-rXvXEg&key=AIzaSyBirL9XMWHNxuVUUGPBdSqu9UxqcY06dVo - failed after 2 attempts.
2026-07-13 04:30:24 - Error: https://www.googleapis.com/youtube/v3/channels?part=statistics&id=UCM48Xq3s7MTEMYuWQkGdo2A&key=AIzaSyBirL9XMWHNxuVUUGPBdSqu9UxqcY06dVo - failed after 2 attempts.
2026-07-13 04:30:41 - Error: https://www.googleapis.com/youtube/v3/channels?part=statistics&id=UCpMntmV07jvZMK3fqR196QQ&key=AIzaSyBirL9XMWHNxuVUUGPBdSqu9UxqcY06dVo - failed after 2 attempts.
2026-07-13 04:31:05 - Error: https://www.googleapis.com/youtube/v3/channels?part=statistics&id=UCo__uROISnS0g9USNLTHr8Q&key=AIzaSyBirL9XMWHNxuVUUGPBdSqu9UxqcY06dVo - failed after 2 attempts.
2026-07-13 04:31:16 - Error: https://www.googleapis.com/youtube/v3/channels?part=statistics&id=UCj3e0FGLUReThqlOTiZxVaw&key=AIzaSyBirL9XMWHNxuVUUGPBdSqu9UxqcY06dVo - failed after 2 attempts.
2026-07-13 04:31:34 - Error: https://www.googleapis.com/youtube/v3/channels?part=statistics&id=UCoBbei3S9JLTcS2VeEOWDeQ&key=AIzaSyBirL9XMWHNxuVUUGPBdSqu9UxqcY06dVo - failed after 2 attempts.
2026-07-13 04:31:44 - Error: https://www.googleapis.com/youtube/v3/channels?part=statistics&id=UC0aGMws3O0PEhxng-CxwLFg&key=AIzaSyBirL9XMWHNxuVUUGPBdSqu9UxqcY06dVo - failed after 2 attempts.
2026-07-13 04:31:55 - Error: https://www.googleapis.com/youtube/v3/channels?part=statistics&id=UCuJGZRp-fHhfkptUYVdplAA&key=AIzaSyBirL9XMWHNxuVUUGPBdSqu9UxqcY06dVo - failed after 2 attempts.
2026-07-13 04:32:05 - Error: https://www.googleapis.com/youtube/v3/channels?part=statistics&id=UCVZEMMWJe6sizAThNcwPSDw&key=AIzaSyBirL9XMWHNxuVUUGPBdSqu9UxqcY06dVo - failed after 2 attempts.
2026-07-13 04:32:16 - Error: https://www.googleapis.com/youtube/v3/channels?part=statistics&id=UCBrFES5uEn7L6JDwHaGcSYA&key=AIzaSyBirL9XMWHNxuVUUGPBdSqu9UxqcY06dVo - failed after 2 attempts.
2026-07-13 04:32:26 - Error: https://www.googleapis.com/youtube/v3/channels?part=statistics&id=UCElDAdRQqF_uqZ-E_Ic93Zg&key=AIzaSyBirL9XMWHNxuVUUGPBdSqu9UxqcY06dVo - failed after 2 attempts.
2026-07-13 04:32:37 - Error: https://www.googleapis.com/youtube/v3/channels?part=statistics&id=UC56RF0fjU0IqHOaeZC5mwaA&key=AIzaSyBirL9XMWHNxuVUUGPBdSqu9UxqcY06dVo - failed after 2 attempts.
2026-07-13 04:32:47 - Error: https://www.googleapis.com/youtube/v3/channels?part=statistics&id=UCMlmb-vf9wVRlRZVpccN2VQ&key=AIzaSyBirL9XMWHNxuVUUGPBdSqu9UxqcY06dVo - failed after 2 attempts.
2026-07-13 04:32:58 - Error: https://www.googleapis.com/youtube/v3/channels?part=statistics&id=UCefmtXjWACp7z6mT3NE6URg&key=AIzaSyBirL9XMWHNxuVUUGPBdSqu9UxqcY06dVo - failed after 2 attempts.
2026-07-13 04:33:08 - Error: https://www.googleapis.com/youtube/v3/channels?part=statistics&id=UCUSl0Nhu24aYo6EDMFMGuBA&key=AIzaSyBirL9XMWHNxuVUUGPBdSqu9UxqcY06dVo - failed after 2 attempts.
2026-07-13 04:33:19 - Error: https://www.googleapis.com/youtube/v3/channels?part=statistics&id=UCBZ2iNYgoDhqmXIXoZ-peZQ&key=AIzaSyBirL9XMWHNxuVUUGPBdSqu9UxqcY06dVo - failed after 2 attempts.
2026-07-13 04:33:30 - Error: https://www.googleapis.com/youtube/v3/channels?part=statistics&id=UCT-LQJuTbjJsKqKkt8_mAMA&key=AIzaSyBirL9XMWHNxuVUUGPBdSqu9UxqcY06dVo - failed after 2 attempts.
2026-07-13 04:33:40 - Error: https://www.googleapis.com/youtube/v3/channels?part=statistics&id=UCLiO5HNFDTaq9JbQfK4V8rQ&key=AIzaSyBirL9XMWHNxuVUUGPBdSqu9UxqcY06dVo - failed after 2 attempts.
2026-07-13 04:33:51 - Error: https://www.googleapis.com/youtube/v3/channels?part=statistics&id=UCs0LpfvshuxirY4Z1uqBfCw&key=AIzaSyBirL9XMWHNxuVUUGPBdSqu9UxqcY06dVo - failed after 2 attempts.
2026-07-13 04:34:01 - Error: https://www.googleapis.com/youtube/v3/channels?part=statistics&id=UCynKEO-E1muvcV81fJSRwNw&key=AIzaSyBirL9XMWHNxuVUUGPBdSqu9UxqcY06dVo - failed after 2 attempts.
2026-07-13 04:34:12 - Error: https://www.googleapis.com/youtube/v3/channels?part=statistics&id=UCsNe59kuUuLrgAbDv8swDMQ&key=AIzaSyBirL9XMWHNxuVUUGPBdSqu9UxqcY06dVo - failed after 2 attempts.
2026-07-13 04:34:23 - Error: https://www.googleapis.com/youtube/v3/channels?part=statistics&id=UCgwNfog0Vk6r0k5DbO2MYIA&key=AIzaSyBirL9XMWHNxuVUUGPBdSqu9UxqcY06dVo - failed after 2 attempts.
2026-07-13 04:34:34 - Error: https://www.googleapis.com/youtube/v3/channels?part=statistics&id=UCUF319nGMoLYdY7NWLSvIag&key=AIzaSyBirL9XMWHNxuVUUGPBdSqu9UxqcY06dVo - failed after 2 attempts.
2026-07-13 04:34:51 - Error: https://www.googleapis.com/youtube/v3/channels?part=statistics&id=UCFG6jsBFF4PvaDbZ1xFHbeQ&key=AIzaSyBirL9XMWHNxuVUUGPBdSqu9UxqcY06dVo - failed after 2 attempts.
2026-07-13 04:35:01 - Error: https://www.googleapis.com/youtube/v3/channels?part=statistics&id=UC5UBdO3CNp9CYfzfh80Txbg&key=AIzaSyBirL9XMWHNxuVUUGPBdSqu9UxqcY06dVo - failed after 2 attempts.
2026-07-13 04:35:12 - Error: https://www.googleapis.com/youtube/v3/channels?part=statistics&id=UCCgT81dMz1jP-SlxBtus8fQ&key=AIzaSyBirL9XMWHNxuVUUGPBdSqu9UxqcY06dVo - failed after 2 attempts.
2026-07-13 04:35:22 - Error: https://www.googleapis.com/youtube/v3/channels?part=statistics&id=UCnRtlv5OYnbgIaXSlf-gSmA&key=AIzaSyBirL9XMWHNxuVUUGPBdSqu9UxqcY06dVo - failed after 2 attempts.
2026-07-13 04:35:33 - Error: https://www.googleapis.com/youtube/v3/channels?part=statistics&id=UCQIrK03uD-T69usLC8o3Spg&key=AIzaSyBirL9XMWHNxuVUUGPBdSqu9UxqcY06dVo - failed after 2 attempts.
2026-07-13 04:35:49 - Error: https://www.googleapis.com/youtube/v3/channels?part=statistics&id=UC3RakdxxBKPf5b02npPrjWw&key=AIzaSyBirL9XMWHNxuVUUGPBdSqu9UxqcY06dVo - failed after 2 attempts.
2026-07-13 04:35:59 - Error: https://www.googleapis.com/youtube/v3/channels?part=statistics&id=UC8QU7zniaCv_IBDf6fgIWRQ&key=AIzaSyBirL9XMWHNxuVUUGPBdSqu9UxqcY06dVo - failed after 2 attempts.
2026-07-13 04:36:20 - Error: Could not extract channel ID from https://www.youtube.com/@jacked-php
2026-07-13 04:36:33 - Error: https://www.googleapis.com/youtube/v3/channels?part=statistics&id=UCLcm_Yx86Mz8sOEg_jACJWg&key=AIzaSyBirL9XMWHNxuVUUGPBdSqu9UxqcY06dVo - failed after 2 attempts.
